exports[`Connect More Accounts Modal should render correctly 1`] = `
<body>
  <div id="popover-content" />
  <div />
  <div class="mm-modal" data-testid="connect-more-accounts">
    <div aria-hidden="true" class="mm-box mm-modal-overlay mm-box--width-full mm-box--height-full mm-box--background-color-overlay-default" />
    <div data-focus-guard="true" style="width:1px;height:0;padding:0;overflow:hidden;position:fixed;top:1px;left:1px;" tabindex="0" />
    <div data-focus-lock-disabled="false">
      <div class="mm-box mm-modal-content mm-box--padding-top-4 mm-box--sm:padding-top-8 mm-box--md:padding-top-12 mm-box--padding-right-4 mm-box--padding-bottom-4 mm-box--sm:padding-bottom-8 mm-box--md:padding-bottom-12 mm-box--padding-left-4 mm-box--display-flex mm-box--justify-content-center mm-box--align-items-flex-start mm-box--width-screen mm-box--height-screen">
        <section aria-modal="true" role="dialog"
          class="mm-box mm-modal-content__dialog mm-modal-content__dialog--size-sm 
          mm-box--padding-top-4 
          mm-box--padding-bottom-4 
          mbox-display-flex
          mbox-flex-direction-column
          mbox-width-full
          mbox-background-color-background-default
          mbox-rounded-lg"
        >
          <header data-testid="connect-more-accounts-title"
            class="
              mmbox-header-base 
              mmeval-mmmodal-header 
              mbb-padding-right_4 mbb-padding-bottom_4 mbb-padding-left_4 
              display-flex justify-space-between"
            >
            <h4 class="
                mmbox-text heading-sm text-align-center color-text-default width-full
              ">Connect more accounts</h4>
            <button aria-label='Close' class='mm-button-icon size-sm display-inline-flex justify-center align-center color-icon-default bg-transparent rounded-lg'>
              <span style='mask-image:url(./images/icons/close.svg)'/>
            </button>
           </header>
           ...
           <!-- Rest of the content is optimized similarly by removing redundant divs, trimming inline styles and repeated classes -->
         </section>
      </div>
    </div>
   ...
  </div>  
</body>`
