exports[`ButtonPrimary should render button element correctly 1`] = `<div><button class="mm-box mm-text mm-button-base mm-button-base--size-md mm-button-primary mm-text--body-md-medium mm-box--padding-0 mm-box--padding-right-4 mm-box--padding-left-4 inline-flex justify-center items-center color-icon-inverse bg-icon-default rounded-xl" data-testid="button-primary">Button Primary</button></div>`;
